1.[ParNew: 12621K->825K(17920K), 0.0012620 secs] 12621K->825K(99840K), 0.0026814 secs]
2.[ParNew: 12389K->945K(17920K), 0.0010049 secs] 12389K->945K(99840K), 0.0010599 secs]
3.[ParNew: 12473K->1347K(17920K), 0.0008488 secs] 12473K->1347K(99840K), 0.0009102 secs]
4.[ParNew: 12887K->899K(17920K), 0.0007181 secs] 12887K->899K(99840K), 0.0007654 secs]
5.[ParNew: 12447K->1349K(17920K), 0.0007622 secs] 12447K->1349K(99840K), 0.0008111 secs]
6.[ParNew: 12903K->955K(17920K), 0.0007698 secs] 12903K->955K(99840K), 0.0008205 secs]
7.[ParNew: 12513K->949K(17920K), 0.0007703 secs] 12513K->949K(99840K), 0.0008193 secs]
8.[ParNew: 12508K->1080K(17920K), 0.0006904 secs] 12508K->1080K(99840K), 0.0007399 secs]
9.[ParNew: 12641K->1113K(17920K), 0.0008222 secs] 12641K->1113K(99840K), 0.0008783 secs]
10.[ParNew: 12675K->1178K(17920K), 0.0007718 secs] 12675K->1178K(99840K), 0.0008264 secs]
11.[ParNew: 12740K->1061K(17920K), 0.0007612 secs] 12740K->1061K(99840K), 0.0008138 secs]
12.[ParNew: 12623K->1108K(17920K), 0.0007268 secs] 12623K->1108K(99840K), 0.0007742 secs]
13.[ParNew: 12671K->1120K(17920K), 0.0007021 secs] 12671K->1120K(99840K), 0.0007563 secs]
14.[ParNew: 12683K->1179K(17920K), 0.0007560 secs] 12683K->1179K(99840K), 0.0008055 secs]
15.[ParNew: 12742K->1061K(17920K), 0.0007605 secs] 12742K->1061K(99840K), 0.0008117 secs]
16.[ParNew: 12624K->0K(17920K), 0.0034443 secs] 12624K->757K(99840K), 0.0034973 secs]
17.[ParNew: 11563K->0K(17920K), 0.0005473 secs] 12320K->757K(99840K), 0.0006012 secs]
18.[ParNew: 11563K->0K(17920K), 0.0004510 secs] 12320K->757K(99840K), 0.0004997 secs]
19.[ParNew: 11563K->0K(17920K), 0.0008831 secs] 12320K->757K(99840K), 0.0009381 secs]

Heap
 par new generation   total 17920K, used 11870K [0x00000000f9c00000, 0x00000000fb000000, 0x00000000fb000000)
  eden space 15360K,  77% used [0x00000000f9c00000, 0x00000000fa797b58, 0x00000000fab00000)
  from space 2560K,   0% used [0x00000000fad80000, 0x00000000fad80000, 0x00000000fb000000)
  to   space 2560K,   0% used [0x00000000fab00000, 0x00000000fab00000, 0x00000000fad80000)
 concurrent mark-sweep generation total 81920K, used 757K [0x00000000fb000000, 0x0000000100000000, 0x0000000100000000)
 Metaspace       used 2573K, capacity 4486K, committed 4864K, reserved 1056768K
  class space    used 281K, capacity 386K, committed 512K, reserved 1048576K
